2025-05-20 12:49:00 | WARN | repo=pv243 | action=test | passed=true
2025-05-12 11:13:00 | DEBUG | repo=pv243 | action=pull
2025-12-25 07:02:00 | INFO | repo=pv243 | action=commit
2025-09-25 16:42:00 | WARN | repo=pv243 | action=pull
2025-06-18 21:06:00 | INFO | repo=pv243 | action=commit
2025-07-27 18:05:00 | DEBUG | repo=pv243 | action=commit
2025-08-08 07:03:00 | INFO | repo=pv243 | action=test | passed=true
2025-02-07 20:39:00 | WARN | repo=pv243 | action=commit
2025-09-26 08:16:00 | INFO | repo=pv243 | action=test | passed=true
2025-12-28 13:22:00 | INFO | repo=pv243 | action=commit
2025-06-05 10:11:00 | INFO | repo=pv243 | action=commit
2025-05-18 11:42:00 | DEBUG | repo=pv243 | action=edit | files=3
2025-09-15 14:34:00 | WARN | repo=pv243 | action=commit
2025-04-16 12:07:00 | DEBUG | repo=pv243 | action=commit
2025-12-11 16:30:00 | INFO | repo=pv243 | action=commit
2025-09-23 08:46:00 | WARN | repo=pv243 | action=edit | files=1
2025-11-16 21:18:00 | INFO | repo=pv243 | action=commit
2025-06-17 10:05:00 | WARN | repo=pv243 | action=test | passed=true
2025-08-27 14:01:00 | WARN | repo=pv243 | action=commit
2025-11-02 16:37:00 | WARN | repo=pv243 | action=edit | files=4
2025-04-07 07:40:00 | DEBUG | repo=pv243 | action=test | passed=true
2025-05-10 17:26:00 | DEBUG | repo=pv243 | action=pull
2025-03-09 19:24:00 | DEBUG | repo=pv243 | action=commit
2025-10-24 19:20:00 | DEBUG | repo=pv243 | action=commit
2025-06-06 20:58:00 | WARN | repo=pv243 | action=commit
2025-04-27 08:34:00 | DEBUG | repo=pv243 | action=commit
2025-04-09 09:13:00 | WARN | repo=pv243 | action=commit
2025-07-03 15:17:00 | DEBUG | repo=pv243 | action=edit | files=4
2025-10-17 11:01:00 | DEBUG | repo=pv243 | action=test | passed=true
2025-09-11 13:54:00 | DEBUG | repo=pv243 | action=commit
2025-08-06 13:31:00 | WARN | repo=pv243 | action=edit | files=1
2025-05-27 12:52:00 | DEBUG | repo=pv243 | action=commit
2025-07-28 15:44:00 | WARN | repo=pv243 | action=test | passed=true
2025-01-05 10:08:00 | WARN | repo=pv243 | action=edit | files=2
2025-04-15 13:47:00 | WARN | repo=pv243 | action=edit | files=5
2025-07-15 16:54:00 | DEBUG | repo=pv243 | action=test | passed=true
2025-03-03 07:52:00 | INFO | repo=pv243 | action=commit
2025-01-21 09:52:00 | WARN | repo=pv243 | action=commit
2025-08-13 19:59:00 | WARN | repo=pv243 | action=pull
2025-04-05 21:56:00 | DEBUG | repo=pv243 | action=pull
2025-01-08 18:16:00 | INFO | repo=pv243 | action=commit
2025-10-24 08:54:00 | DEBUG | repo=pv243 | action=test | passed=true
2025-05-02 13:05:00 | WARN | repo=pv243 | action=commit
2025-04-19 20:35:00 | DEBUG | repo=pv243 | action=pull
2025-07-10 21:59:00 | DEBUG | repo=pv243 | action=commit
2025-11-01 11:53:00 | WARN | repo=pv243 | action=edit | files=1
2025-11-19 15:54:00 | DEBUG | repo=pv243 | action=commit
2025-02-15 07:38:00 | WARN | repo=pv243 | action=pull
2025-11-08 11:18:00 | INFO | repo=pv243 | action=commit
2025-03-23 20:46:00 | DEBUG | repo=pv243 | action=commit
2025-11-25 21:23:00 | INFO | repo=pv243 | action=test | passed=true
2025-12-08 18:53:00 | DEBUG | repo=pv243 | action=commit
2025-11-03 19:30:00 | WARN | repo=pv243 | action=commit
2025-07-09 13:14:00 | WARN | repo=pv243 | action=commit
2025-02-25 14:16:00 | WARN | repo=pv243 | action=commit
2025-04-11 07:44:00 | DEBUG | repo=pv243 | action=commit
2025-08-12 13:41:00 | INFO | repo=pv243 | action=test | passed=true
2025-11-24 20:24:00 | INFO | repo=pv243 | action=test | passed=true
2025-11-07 12:11:00 | DEBUG | repo=pv243 | action=pull
2025-12-17 16:16:00 | INFO | repo=pv243 | action=commit
2025-09-03 15:24:00 | INFO | repo=pv243 | action=commit
2025-12-22 16:21:00 | INFO | repo=pv243 | action=pull
2025-09-27 08:35:00 | INFO | repo=pv243 | action=commit
2025-12-20 15:01:00 | WARN | repo=pv243 | action=commit
2025-09-13 18:49:00 | DEBUG | repo=pv243 | action=commit
2025-02-19 20:51:00 | INFO | repo=pv243 | action=pull
2025-06-22 13:57:00 | DEBUG | repo=pv243 | action=pull
2025-03-06 07:59:00 | INFO | repo=pv243 | action=commit
2025-09-07 19:03:00 | DEBUG | repo=pv243 | action=commit
2025-07-03 14:51:00 | INFO | repo=pv243 | action=commit
2025-06-12 14:43:00 | DEBUG | repo=pv243 | action=pull
2025-08-10 09:12:00 | INFO | repo=pv243 | action=commit
2025-08-16 19:13:00 | DEBUG | repo=pv243 | action=commit
2025-01-03 08:53:00 | INFO | repo=pv243 | action=commit
2025-07-13 21:42:00 | WARN | repo=pv243 | action=commit
2025-12-03 19:44:00 | DEBUG | repo=pv243 | action=commit
2025-03-12 08:50:00 | DEBUG | repo=pv243 | action=commit
2025-05-14 08:13:00 | WARN | repo=pv243 | action=commit
2025-11-07 07:53:00 | INFO | repo=pv243 | action=commit
2025-07-01 19:01:00 | DEBUG | repo=pv243 | action=commit
2025-12-17 10:10:00 | WARN | repo=pv243 | action=pull
2025-11-07 15:59:00 | WARN | repo=pv243 | action=pull
2025-11-24 19:15:00 | DEBUG | repo=pv243 | action=commit
2025-01-07 15:50:00 | INFO | repo=pv243 | action=commit
2025-08-28 07:46:00 | WARN | repo=pv243 | action=commit
2025-09-14 11:02:00 | DEBUG | repo=pv243 | action=test | passed=true
2025-03-09 09:49:00 | WARN | repo=pv243 | action=commit
2025-11-10 07:51:00 | DEBUG | repo=pv243 | action=commit
2025-05-06 18:19:00 | DEBUG | repo=pv243 | action=commit
2025-08-18 07:36:00 | DEBUG | repo=pv243 | action=commit
2025-09-19 18:09:00 | INFO | repo=pv243 | action=commit
2025-11-12 17:06:00 | DEBUG | repo=pv243 | action=commit
2025-11-24 12:32:00 | DEBUG | repo=pv243 | action=commit
2025-10-28 18:40:00 | WARN | repo=pv243 | action=pull
2025-04-18 13:33:00 | DEBUG | repo=pv243 | action=commit
2025-11-25 16:16:00 | DEBUG | repo=pv243 | action=test | passed=true
2025-12-02 10:57:00 | INFO | repo=pv243 | action=commit
2025-01-18 21:16:00 | DEBUG | repo=pv243 | action=test | passed=true
2025-05-19 17:24:00 | WARN | repo=pv243 | action=commit
